root@dockertest:/home/vagrant# ps -ef | grep docker
root     14687     1  0 00:46 ?        00:00:16 /usr/bin/dockerd -H fd://
root     14696 14687  0 00:46 ?        00:00:06 docker-containerd -l unix:///var/run/docker/libcontainerd/docker-containerd.sock --metrics-interval=0 --start-timeout 2m --state-dir /var/run/docker/libcontainerd/containerd --shim docker-containerd-shim --runtime docker-runc
root     15666 15393  0 03:20 pts/1    00:00:00 grep --color=auto docker
root@dockertest:/home/vagrant# docker

Usage:  docker COMMAND

A self-sufficient runtime for containers

Options:
      --config string      Location of client config files (default "/root/.docker")
  -D, --debug              Enable debug mode
      --help               Print usage
  -H, --host list          Daemon socket(s) to connect to (default [])
  -l, --log-level string   Set the logging level ("debug", "info", "warn", "error", "fatal") (default "info")
      --tls                Use TLS; implied by --tlsverify
      --tlscacert string   Trust certs signed only by this CA (default "/root/.docker/ca.pem")
      --tlscert string     Path to TLS certificate file (default "/root/.docker/cert.pem")
      --tlskey string      Path to TLS key file (default "/root/.docker/key.pem")
      --tlsverify          Use TLS and verify the remote
  -v, --version            Print version information and quit

Management Commands:
  container   Manage containers
  image       Manage images
  network     Manage networks
  node        Manage Swarm nodes
  plugin      Manage plugins
  secret      Manage Docker secrets
  service     Manage services
  stack       Manage Docker stacks
  swarm       Manage Swarm
  system      Manage Docker
  volume      Manage volumes

Commands:
  attach      Attach to a running container
  build       Build an image from a Dockerfile
  commit      Create a new image from a container's changes
  cp          Copy files/folders between a container and the local filesystem
  create      Create a new container
  diff        Inspect changes to files or directories on a container's filesystem
  events      Get real time events from the server
  exec        Run a command in a running container
  export      Export a container's filesystem as a tar archive
  history     Show the history of an image
  images      List images
  import      Import the contents from a tarball to create a filesystem image
  info        Display system-wide information
  inspect     Return low-level information on Docker objects
  kill        Kill one or more running containers
  load        Load an image from a tar archive or STDIN
  login       Log in to a Docker registry
  logout      Log out from a Docker registry
  logs        Fetch the logs of a container
  pause       Pause all processes within one or more containers
  port        List port mappings or a specific mapping for the container
  ps          List containers
  pull        Pull an image or a repository from a registry
  push        Push an image or a repository to a registry
  rename      Rename a container
  restart     Restart one or more containers
  rm          Remove one or more containers
  rmi         Remove one or more images
  run         Run a command in a new container
  save        Save one or more images to a tar archive (streamed to STDOUT by default)
  search      Search the Docker Hub for images
  start       Start one or more stopped containers
  stats       Display a live stream of container(s) resource usage statistics
  stop        Stop one or more running containers
  tag         Create a tag TARGET_IMAGE that refers to SOURCE_IMAGE
  top         Display the running processes of a container
  unpause     Unpause all processes within one or more containers
  update      Update configuration of one or more containers
  version     Show the Docker version information
  wait        Block until one or more containers stop, then print their exit codes

Run 'docker COMMAND --help' for more information on a command.
root@dockertest:/home/vagrant#
root@dockertest:/home/vagrant# docker container ls
CONTAINER ID        IMAGE               COMMAND             CREATED             STATUS              PORTS               NAMES
root@dockertest:/home/vagrant# docker container run nginx
Unable to find image 'nginx:latest' locally
latest: Pulling from library/nginx
68ced04f60ab: Pull complete
28252775b295: Pull complete
a616aa3b0bf2: Pull complete
Digest: sha256:2539d4344dd18e1df02be842ffc435f8e1f699cfc55516e2cf2cb16b7a9aea0b
Status: Downloaded newer image for nginx:latest


root@dockertest:/home/vagrant#
root@dockertest:/home/vagrant#
root@dockertest:/home/vagrant# docker container ls
CONTAINER ID        IMAGE               COMMAND             CREATED             STATUS              PORTS               NAMES
root@dockertest:/home/vagrant# docker container ls -a
CONTAINER ID        IMAGE               COMMAND                  CREATED             STATUS                      PORTS               NAMES
3bbe6db41dee        nginx               "nginx -g 'daemon ..."   12 minutes ago      Exited (0) 59 seconds ago                       cranky_hawking
root@dockertest:/home/vagrant# docker container start cranky_hawking
cranky_hawking
root@dockertest:/home/vagrant# docker container ls
CONTAINER ID        IMAGE               COMMAND                  CREATED             STATUS              PORTS               NAMES
3bbe6db41dee        nginx               "nginx -g 'daemon ..."   13 minutes ago      Up 37 seconds       80/tcp              cranky_hawking
root@dockertest:/home/vagrant# docker container run -d nginx
adb98b046e11b37f3706f3bcea9f4a55c6750a27e356c82eb4dc772fbb470843
root@dockertest:/home/vagrant# docker container ls
CONTAINER ID        IMAGE               COMMAND                  CREATED             STATUS              PORTS               NAMES
adb98b046e11        nginx               "nginx -g 'daemon ..."   28 seconds ago      Up 26 seconds       80/tcp              vigilant_kalam
3bbe6db41dee        nginx               "nginx -g 'daemon ..."   15 minutes ago      Up 3 minutes        80/tcp              cranky_hawking
root@dockertest:/home/vagrant# echo adb98b046e11b37f3706f3bcea9f4a55c6750a27e356c82eb4dc772fbb470843 | wc -c
65
root@dockertest:/home/vagrant# echo -n adb98b046e11b37f3706f3bcea9f4a55c6750a27e356c82eb4dc772fbb470843 | wc -c
64
root@dockertest:/home/vagrant#

root@dockertest:/home/vagrant# ls -ltr /var/run/docker.sock
srw-rw---- 1 root docker 0 Mar 25 00:46 /var/run/docker.sock
root@dockertest:/home/vagrant# docker container ls
CONTAINER ID        IMAGE               COMMAND                  CREATED                                                STATUS              PORTS               NAMES
3bbe6db41dee        nginx               "nginx -g 'daemon ..."   6 minutes ago                                          Up 6 minutes        80/tcp              cranky_hawking
root@dockertest:/home/vagrant# docker container ls
CONTAINER ID        IMAGE               COMMAND                  CREATED             STATUS              PORTS               NAMES
3bbe6db41dee        nginx               "nginx -g 'daemon ..."   6 minutes ago       Up 6 minutes        80/tcp              cranky_hawking
root@dockertest:/home/vagrant# docker container ls
CONTAINER ID        IMAGE               COMMAND                  CREATED             STATUS              PORTS
3bbe6db41dee        nginx               "nginx -g 'daemon ..."   6 minutes ago       Up 6 minutes        80/tcp
root@dockertest:/home/vagrant# #docker container stop 3bbe6db41dee
root@dockertest:/home/vagrant# #docker container stop cranky_hawking
root@dockertest:/home/vagrant# docker container stop 3bb
3bb
root@dockertest:/home/vagrant#









----------------------------------------------------------------------------------------------------------------------------



root@dockertest:/home/vagrant# docker container rm adb98b046e11
Error response from daemon: You cannot remove a running container adb98b046e11b37f3706f3bcea9f4a55c6750a27e356c82eb4dc772fbb470843. Stop the container before attempting removal or use -f
root@dockertest:/home/vagrant# docker container rm -f adb98b046e11
adb98b046e11
root@dockertest:/home/vagrant# docker container ls
CONTAINER ID        IMAGE               COMMAND                  CREATED             STATUS              PORTS               NAMES
3bbe6db41dee        nginx               "nginx -g 'daemon ..."   34 minutes ago      Up 22 minutes       80/tcp              cranky_hawking
root@dockertest:/home/vagrant# docker container inspect 3bbe6db41dee
[
    {
        "Id": "3bbe6db41deea45c5a6d64deaa3f7642a7e71e08660ad05bf9106acfbe20765d",
        "Created": "2020-03-25T03:30:16.472477809Z",
        "Path": "nginx",
        "Args": [
            "-g",
            "daemon off;"
        ],
        "State": {
            "Status": "running",
            "Running": true,
            "Paused": false,
            "Restarting": false,
            "OOMKilled": false,
            "Dead": false,
            "Pid": 16001,
            "ExitCode": 0,
            "Error": "",
            "StartedAt": "2020-03-25T03:43:11.864086225Z",
            "FinishedAt": "2020-03-25T03:41:22.671853744Z"
        },
        "Image": "sha256:6678c7c2e56c970388f8d5a398aa30f2ab60e85f20165e101053c3d3a11e6663",
        "ResolvConfPath": "/var/lib/docker/containers/3bbe6db41deea45c5a6d64deaa3f7642a7e71e08660ad05bf9106acfbe20765d/resolv.conf",
        "HostnamePath": "/var/lib/docker/containers/3bbe6db41deea45c5a6d64deaa3f7642a7e71e08660ad05bf9106acfbe20765d/hostname",
        "HostsPath": "/var/lib/docker/containers/3bbe6db41deea45c5a6d64deaa3f7642a7e71e08660ad05bf9106acfbe20765d/hosts",
        "LogPath": "/var/lib/docker/containers/3bbe6db41deea45c5a6d64deaa3f7642a7e71e08660ad05bf9106acfbe20765d/3bbe6db41deea45c5a6d64deaa3f7642a7e71e08660ad05bf9106acfbe20765d-json.log",
        "Name": "/cranky_hawking",
        "RestartCount": 0,
        "Driver": "aufs",
        "MountLabel": "",
        "ProcessLabel": "",
        "AppArmorProfile": "",
        "ExecIDs": null,
        "HostConfig": {
            "Binds": null,
            "ContainerIDFile": "",
            "LogConfig": {
                "Type": "json-file",
                "Config": {}
            },
            "NetworkMode": "default",
            "PortBindings": {},
            "RestartPolicy": {
                "Name": "no",
                "MaximumRetryCount": 0
            },
            "AutoRemove": false,
            "VolumeDriver": "",
            "VolumesFrom": null,
            "CapAdd": null,
            "CapDrop": null,
            "Dns": [],
            "DnsOptions": [],
            "DnsSearch": [],
            "ExtraHosts": null,
            "GroupAdd": null,
            "IpcMode": "",
            "Cgroup": "",
            "Links": null,
            "OomScoreAdj": 0,
            "PidMode": "",
            "Privileged": false,
            "PublishAllPorts": false,
            "ReadonlyRootfs": false,
            "SecurityOpt": null,
            "UTSMode": "",
            "UsernsMode": "",
            "ShmSize": 67108864,
            "Runtime": "runc",
            "ConsoleSize": [
                0,
                0
            ],
            "Isolation": "",
            "CpuShares": 0,
            "Memory": 0,
            "NanoCpus": 0,
            "CgroupParent": "",
            "BlkioWeight": 0,
            "BlkioWeightDevice": null,
            "BlkioDeviceReadBps": null,
            "BlkioDeviceWriteBps": null,
            "BlkioDeviceReadIOps": null,
            "BlkioDeviceWriteIOps": null,
            "CpuPeriod": 0,
            "CpuQuota": 0,
            "CpuRealtimePeriod": 0,
            "CpuRealtimeRuntime": 0,
            "CpusetCpus": "",
            "CpusetMems": "",
            "Devices": [],
            "DiskQuota": 0,
            "KernelMemory": 0,
            "MemoryReservation": 0,
            "MemorySwap": 0,
            "MemorySwappiness": -1,
            "OomKillDisable": false,
            "PidsLimit": 0,
            "Ulimits": null,
            "CpuCount": 0,
            "CpuPercent": 0,
            "IOMaximumIOps": 0,
            "IOMaximumBandwidth": 0
        },
        "GraphDriver": {
            "Name": "aufs",
            "Data": null
        },
        "Mounts": [],
        "Config": {
            "Hostname": "3bbe6db41dee",
            "Domainname": "",
            "User": "",
            "AttachStdin": false,
            "AttachStdout": true,
            "AttachStderr": true,
            "ExposedPorts": {
                "80/tcp": {}
            },
            "Tty": false,
            "OpenStdin": false,
            "StdinOnce": false,
            "Env": [
                "PATH=/usr/local/sbin:/usr/local/bin:/usr/sbin:/usr/bin:/sbin:/bin",
                "NGINX_VERSION=1.17.9",
                "NJS_VERSION=0.3.9",
                "PKG_RELEASE=1~buster"
            ],
            "Cmd": [
                "nginx",
                "-g",
                "daemon off;"
            ],
            "ArgsEscaped": true,
            "Image": "nginx",
            "Volumes": null,
            "WorkingDir": "",
            "Entrypoint": null,
            "OnBuild": null,
            "Labels": {
                "maintainer": "NGINX Docker Maintainers <docker-maint@nginx.com>"
            },
            "StopSignal": "SIGTERM"
        },
        "NetworkSettings": {
            "Bridge": "",
            "SandboxID": "1e1900d0fa1bd141e24dbfe2aa45e19847d8d45c084671448afc5b872b006b42",
            "HairpinMode": false,
            "LinkLocalIPv6Address": "",
            "LinkLocalIPv6PrefixLen": 0,
            "Ports": {
                "80/tcp": null
            },
            "SandboxKey": "/var/run/docker/netns/1e1900d0fa1b",
            "SecondaryIPAddresses": null,
            "SecondaryIPv6Addresses": null,
            "EndpointID": "21f4bc5705eefb4985b0aa6450bbe8abaaa07f7eefdeead5654dacda8ece3997",
            "Gateway": "172.17.0.1",
            "GlobalIPv6Address": "",
            "GlobalIPv6PrefixLen": 0,
            "IPAddress": "172.17.0.2",
            "IPPrefixLen": 16,
            "IPv6Gateway": "",
            "MacAddress": "02:42:ac:11:00:02",
            "Networks": {
                "bridge": {
                    "IPAMConfig": null,
                    "Links": null,
                    "Aliases": null,
                    "NetworkID": "46103c7e80ba16524e1dcb7cdd6687669facb442195c10becc9eea7127223e25",
                    "EndpointID": "21f4bc5705eefb4985b0aa6450bbe8abaaa07f7eefdeead5654dacda8ece3997",
                    "Gateway": "172.17.0.1",
                    "IPAddress": "172.17.0.2",
                    "IPPrefixLen": 16,
                    "IPv6Gateway": "",
                    "GlobalIPv6Address": "",
                    "GlobalIPv6PrefixLen": 0,
                    "MacAddress": "02:42:ac:11:00:02"
                }
            }
        }
    }
]
root@dockertest:/home/vagrant#
root@dockertest:/home/vagrant# ifconfig
docker0   Link encap:Ethernet  HWaddr 02:42:50:90:fa:2c
          inet addr:172.17.0.1  Bcast:0.0.0.0  Mask:255.255.0.0
          inet6 addr: fe80::42:50ff:fe90:fa2c/64 Scope:Link
          UP BROADCAST RUNNING MULTICAST  MTU:1500  Metric:1
          RX packets:32 errors:0 dropped:0 overruns:0 frame:0
          TX packets:12 errors:0 dropped:0 overruns:0 carrier:0
          collisions:0 txqueuelen:0
          RX bytes:2144 (2.1 KB)  TX bytes:1008 (1.0 KB)

eth0      Link encap:Ethernet  HWaddr 08:00:27:6b:c1:df
          inet addr:10.0.2.15  Bcast:10.0.2.255  Mask:255.255.255.0
          inet6 addr: fe80::a00:27ff:fe6b:c1df/64 Scope:Link
          UP BROADCAST RUNNING MULTICAST  MTU:1500  Metric:1
          RX packets:174342 errors:0 dropped:0 overruns:0 frame:0
          TX packets:78056 errors:0 dropped:0 overruns:0 carrier:0
          collisions:0 txqueuelen:1000
          RX bytes:143995063 (143.9 MB)  TX bytes:4863612 (4.8 MB)

eth1      Link encap:Ethernet  HWaddr 08:00:27:2e:a6:9a
          inet addr:192.167.10.75  Bcast:192.167.10.255  Mask:255.255.255.0
          inet6 addr: fe80::a00:27ff:fe2e:a69a/64 Scope:Link
          UP BROADCAST RUNNING MULTICAST  MTU:1500  Metric:1
          RX packets:2686 errors:0 dropped:0 overruns:0 frame:0
          TX packets:2441 errors:0 dropped:0 overruns:0 carrier:0
          collisions:0 txqueuelen:1000
          RX bytes:226908 (226.9 KB)  TX bytes:401953 (401.9 KB)

lo        Link encap:Local Loopback
          inet addr:127.0.0.1  Mask:255.0.0.0
          inet6 addr: ::1/128 Scope:Host
          UP LOOPBACK RUNNING  MTU:65536  Metric:1
          RX packets:64 errors:0 dropped:0 overruns:0 frame:0
          TX packets:64 errors:0 dropped:0 overruns:0 carrier:0
          collisions:0 txqueuelen:1
          RX bytes:5824 (5.8 KB)  TX bytes:5824 (5.8 KB)

vethdcea7bb Link encap:Ethernet  HWaddr 36:31:d1:68:cd:aa
          inet6 addr: fe80::3431:d1ff:fe68:cdaa/64 Scope:Link
          UP BROADCAST RUNNING MULTICAST  MTU:1500  Metric:1
          RX packets:8 errors:0 dropped:0 overruns:0 frame:0
          TX packets:18 errors:0 dropped:0 overruns:0 carrier:0
          collisions:0 txqueuelen:0
          RX bytes:648 (648.0 B)  TX bytes:1476 (1.4 KB)

root@dockertest:/home/vagrant# curl 172.17.0.2:80
<!DOCTYPE html>
<html>
<head>
<title>Welcome to nginx!</title>
<style>
    body {
        width: 35em;
        margin: 0 auto;
        font-family: Tahoma, Verdana, Arial, sans-serif;
    }
</style>
</head>
<body>
<h1>Welcome to nginx!</h1>
<p>If you see this page, the nginx web server is successfully installed and
working. Further configuration is required.</p>

<p>For online documentation and support please refer to
<a href="http://nginx.org/">nginx.org</a>.<br/>
Commercial support is available at
<a href="http://nginx.com/">nginx.com</a>.</p>

<p><em>Thank you for using nginx.</em></p>
</body>
</html>
root@dockertest:/home/vagrant# docker container run -d -p 9091:80 nginx
root@dockertest:/home/vagrant# docker container run -d -p 9091:80 nginx
f64d5bd36489f3660a7afea2adda3f2a86dd358cb2c36e4cc3434ff4c5894b3c
root@dockertest:/home/vagrant# docker container ls
CONTAINER ID        IMAGE               COMMAND                  CREATED             STATUS              PORTS                  NAMES
f64d5bd36489        nginx               "nginx -g 'daemon ..."   5 seconds ago       Up 4 seconds        0.0.0.0:9091->80/tcp   competent_bohr
3bbe6db41dee        nginx               "nginx -g 'daemon ..."   54 minutes ago      Up 41 minutes       80/tcp                 cranky_hawking
root@dockertest:/home/vagrant# docker container stop f64d5bd36489
f64d5bd36489
root@dockertest:/home/vagrant# docker container start f64d5bd36489
f64d5bd36489
root@dockertest:/home/vagrant# ps -ef | grep docker-proxy
root     16461 14687  0 04:27 ?        00:00:00 /usr/bin/docker-proxy -proto tcp                                                                   -host-ip 0.0.0.0 -host-port 9091 -container-ip 172.17.0.3 -container-port 80
root     16509 15393  0 04:27 pts/1    00:00:00 grep --color=auto docker-proxy
root@dockertest:/home/vagrant# docker container inspect f64d5bd36489 | grep -i i                                                                  paddress
            "SecondaryIPAddresses": null,
            "IPAddress": "172.17.0.3",
                    "IPAddress": "172.17.0.3",
root@dockertest:/home/vagrant# docker container inspect 3bb | grep -i ipaddress
            "SecondaryIPAddresses": null,
            "IPAddress": "172.17.0.2",
                    "IPAddress": "172.17.0.2",
root@dockertest:/home/vagrant# curl 172.17.0.2:80
<!DOCTYPE html>
<html>
<head>
<title>Welcome to nginx!</title>
<style>
    body {
        width: 35em;
        margin: 0 auto;
        font-family: Tahoma, Verdana, Arial, sans-serif;
    }
</style>
</head>
<body>
<h1>Welcome to nginx!</h1>
<p>If you see this page, the nginx web server is successfully installed and
working. Further configuration is required.</p>

<p>For online documentation and support please refer to
<a href="http://nginx.org/">nginx.org</a>.<br/>
Commercial support is available at
<a href="http://nginx.com/">nginx.com</a>.</p>

<p><em>Thank you for using nginx.</em></p>
</body>
</html>
root@dockertest:/home/vagrant# curl localhost:9091
<!DOCTYPE html>
<html>
<head>
<title>Welcome to nginx!</title>
<style>
    body {
        width: 35em;
        margin: 0 auto;
        font-family: Tahoma, Verdana, Arial, sans-serif;
    }
</style>
</head>
<body>
<h1>Welcome to nginx!</h1>
<p>If you see this page, the nginx web server is successfully installed and
working. Further configuration is required.</p>

<p>For online documentation and support please refer to
<a href="http://nginx.org/">nginx.org</a>.<br/>
Commercial support is available at
<a href="http://nginx.com/">nginx.com</a>.</p>

<p><em>Thank you for using nginx.</em></p>
</body>
</html>
root@dockertest:/home/vagrant#



---------------------------------------------------------------------------------

root@dockertest:/home/vagrant# docker container ls
CONTAINER ID        IMAGE               COMMAND                  CREATED             STATUS              PORTS                                                 NAMES
f64d5bd36489        nginx               "nginx -g 'daemon ..."   12 minutes ago      Up 9 minutes        0.0.0.0:90                               91->80/tcp   competent_bohr
root@dockertest:/home/vagrant# docker container exec f64d5bd36489 ls
bin
boot
dev
etc
home
lib
lib64
media
mnt
opt
proc
root
run
sbin
srv
sys
tmp
usr
var
root@dockertest:/home/vagrant# docker container exec f64d5bd36489 pwd
/
root@dockertest:/home/vagrant# ls /
bin   dev  home        lib    lost+found  mnt  proc  run   snap  sys  usr      var
boot  etc  initrd.img  lib64  media       opt  root  sbin  srv   tmp  vagrant  vmlinuz
root@dockertest:/home/vagrant# docker container exec f64d5bd36489 touch /tmp/f1.txt
root@dockertest:/home/vagrant# ls -ltr /tmp/f1.txt
ls: cannot access '/tmp/f1.txt': No such file or directory
root@dockertest:/home/vagrant# docker container exec f64d5bd36489 ls /tmp/f1.txt
/tmp/f1.txt
root@dockertest:/home/vagrant# docker container exec -it f64d5bd36489 sh
# hostname
f64d5bd36489
# ls
bin  boot  dev  etc  home  lib  lib64  media  mnt  opt  proc  root  run  sbin  srv  sys  tmp  usr  var
# ls /tmp/f1.txt
/tmp/f1.txt
# ps
sh: 4: ps: not found
# ping
sh: 5: ping: not found
# vi
sh: 6: vi: not found
# cat /etc/os*
PRETTY_NAME="Debian GNU/Linux 10 (buster)"
NAME="Debian GNU/Linux"
VERSION_ID="10"
VERSION="10 (buster)"
VERSION_CODENAME=buster
ID=debian
HOME_URL="https://www.debian.org/"
SUPPORT_URL="https://www.debian.org/support"
BUG_REPORT_URL="https://bugs.debian.org/"
# apt-get update
Get:1 http://security.debian.org/debian-security buster/updates InRelease [65.4 kB]
Get:2 http://deb.debian.org/debian buster InRelease [122 kB]
Get:3 http://deb.debian.org/debian buster-updates InRelease [49.3 kB]
Get:4 http://security.debian.org/debian-security buster/updates/main amd64 Packages [183 kB]
Get:5 http://deb.debian.org/debian buster/main amd64 Packages [7907 kB]
Get:6 http://deb.debian.org/debian buster-updates/main amd64 Packages [7380 B]
Fetched 8334 kB in 6s (1287 kB/s)
Reading package lists... Done
# apt-get install iputils-ping
Reading package lists... Done
Building dependency tree
Reading state information... Done
The following additional packages will be installed:
  libcap2 libcap2-bin libpam-cap
The following NEW packages will be installed:
  iputils-ping libcap2 libcap2-bin libpam-cap
0 upgraded, 4 newly installed, 0 to remove and 0 not upgraded.
Need to get 104 kB of archives.
After this operation, 315 kB of additional disk space will be used.
Do you want to continue? [Y/n] Y
Get:1 http://deb.debian.org/debian buster/main amd64 libcap2 amd64 1:2.25-2 [17.6 kB]
Get:2 http://deb.debian.org/debian buster/main amd64 iputils-ping amd64 3:20180629-2 [43.0 kB]
Get:3 http://deb.debian.org/debian buster/main amd64 libcap2-bin amd64 1:2.25-2 [28.8 kB]
Get:4 http://deb.debian.org/debian buster/main amd64 libpam-cap amd64 1:2.25-2 [14.3 kB]
Fetched 104 kB in 0s (256 kB/s)
debconf: delaying package configuration, since apt-utils is not installed
Selecting previously unselected package libcap2:amd64.
(Reading database ... 7203 files and directories currently installed.)
Preparing to unpack .../libcap2_1%3a2.25-2_amd64.deb ...
Unpacking libcap2:amd64 (1:2.25-2) ...
Selecting previously unselected package iputils-ping.
Preparing to unpack .../iputils-ping_3%3a20180629-2_amd64.deb ...
Unpacking iputils-ping (3:20180629-2) ...
Selecting previously unselected package libcap2-bin.
Preparing to unpack .../libcap2-bin_1%3a2.25-2_amd64.deb ...
Unpacking libcap2-bin (1:2.25-2) ...
Selecting previously unselected package libpam-cap:amd64.
Preparing to unpack .../libpam-cap_1%3a2.25-2_amd64.deb ...
Unpacking libpam-cap:amd64 (1:2.25-2) ...
Setting up libcap2:amd64 (1:2.25-2) ...
Setting up libcap2-bin (1:2.25-2) ...
Setting up libpam-cap:amd64 (1:2.25-2) ...
debconf: unable to initialize frontend: Dialog
debconf: (No usable dialog-like program is installed, so the dialog based frontend cannot be used. at /usr/share/perl5/Debconf/FrontEnd/Dialog.pm line 76.)
debconf: falling back to frontend: Readline
debconf: unable to initialize frontend: Readline
debconf: (Can't locate Term/ReadLine.pm in @INC (you may need to install the Term::ReadLine module) (@INC contains: /etc/perl /usr/local/lib/x86_64-linux-gnu/perl/5.28.1 /usr/local/share/perl/5.28.1 /usr/lib/x86_64-linux-gnu/perl5/5.28 /usr/share/perl5 /usr/lib/x86_64-linux-gnu/perl/5.28 /usr/share/perl/5.28 /usr/local/lib/site_perl /usr/lib/x86_64-linux-gnu/perl-base) at /usr/share/perl5/Debconf/FrontEnd/Readline.pm line 7.)
debconf: falling back to frontend: Teletype
Setting up iputils-ping (3:20180629-2) ...
Processing triggers for libc-bin (2.28-10) ...
# ping google.com
PING google.com (172.217.163.206) 56(84) bytes of data.
64 bytes from maa05s06-in-f14.1e100.net (172.217.163.206): icmp_seq=1 ttl=54 time=92.9 ms
64 bytes from maa05s06-in-f14.1e100.net (172.217.163.206): icmp_seq=2 ttl=54 time=11.3 ms
64 bytes from maa05s06-in-f14.1e100.net (172.217.163.206): icmp_seq=3 ttl=54 time=15.1 ms
^C
--- google.com ping statistics ---
3 packets transmitted, 3 received, 0% packet loss, time 200ms
rtt min/avg/max/mdev = 11.270/39.760/92.926/37.626 ms
# apt-get install proc-ps
Reading package lists... Done
Building dependency tree
Reading state information... Done
E: Unable to locate package proc-ps
# apt-get install procps
Reading package lists... Done
Building dependency tree
Reading state information... Done
The following additional packages will be installed:
  libgpm2 libncurses6 libprocps7 psmisc
Suggested packages:
  gpm
The following NEW packages will be installed:
  libgpm2 libncurses6 libprocps7 procps psmisc
0 upgraded, 5 newly installed, 0 to remove and 0 not upgraded.
Need to get 584 kB of archives.
After this operation, 1931 kB of additional disk space will be used.
Do you want to continue? [Y/n] Y
Get:1 http://deb.debian.org/debian buster/main amd64 libncurses6 amd64 6.1+20181013-2+deb10u2 [102 kB]
Get:2 http://deb.debian.org/debian buster/main amd64 libprocps7 amd64 2:3.3.15-2 [61.7 kB]
Get:3 http://deb.debian.org/debian buster/main amd64 procps amd64 2:3.3.15-2 [259 kB]
Get:4 http://deb.debian.org/debian buster/main amd64 libgpm2 amd64 1.20.7-5 [35.1 kB]
Get:5 http://deb.debian.org/debian buster/main amd64 psmisc amd64 23.2-1 [126 kB]
Fetched 584 kB in 1s (689 kB/s)
debconf: delaying package configuration, since apt-utils is not installed
Selecting previously unselected package libncurses6:amd64.
(Reading database ... 7243 files and directories currently installed.)
Preparing to unpack .../libncurses6_6.1+20181013-2+deb10u2_amd64.deb ...
Unpacking libncurses6:amd64 (6.1+20181013-2+deb10u2) ...
Selecting previously unselected package libprocps7:amd64.
Preparing to unpack .../libprocps7_2%3a3.3.15-2_amd64.deb ...
Unpacking libprocps7:amd64 (2:3.3.15-2) ...
Selecting previously unselected package procps.
Preparing to unpack .../procps_2%3a3.3.15-2_amd64.deb ...
Unpacking procps (2:3.3.15-2) ...
Selecting previously unselected package libgpm2:amd64.
Preparing to unpack .../libgpm2_1.20.7-5_amd64.deb ...
Unpacking libgpm2:amd64 (1.20.7-5) ...
Selecting previously unselected package psmisc.
Preparing to unpack .../psmisc_23.2-1_amd64.deb ...
Unpacking psmisc (23.2-1) ...
Setting up libgpm2:amd64 (1.20.7-5) ...
Setting up psmisc (23.2-1) ...
Setting up libprocps7:amd64 (2:3.3.15-2) ...
Setting up libncurses6:amd64 (6.1+20181013-2+deb10u2) ...
Setting up procps (2:3.3.15-2) ...
update-alternatives: using /usr/bin/w.procps to provide /usr/bin/w (w) in auto mode
update-alternatives: warning: skip creation of /usr/share/man/man1/w.1.gz because associated file /usr/share/man/man1/w.procps.1.gz (of link group w) doesn't exist
Processing triggers for libc-bin (2.28-10) ...
# ps
  PID TTY          TIME CMD
   25 ?        00:00:00 sh
  431 ?        00:00:00 ps
# ps -ef
UID        PID  PPID  C STIME TTY          TIME CMD
root         1     0  0 04:27 ?        00:00:00 nginx: master process nginx -g daemon off;
nginx        6     1  0 04:27 ?        00:00:00 nginx: worker process
root        25     0  0 04:44 ?        00:00:00 sh
root       432    25  0 04:50 ?        00:00:00 ps -ef
# exit
root@dockertest:/home/vagrant# docker container exec f64d5bd36489 ps -ef
UID        PID  PPID  C STIME TTY          TIME CMD
root         1     0  0 04:27 ?        00:00:00 nginx: master process nginx -g daemon off;
nginx        6     1  0 04:27 ?        00:00:00 nginx: worker process
root       433     0  0 04:50 ?        00:00:00 ps -ef
root@dockertest:/home/vagrant#







---------------------------------------------------------------------------------------------------------------------

root@dockertest:/home/vagrant# docker container ls
CONTAINER ID        IMAGE               COMMAND                  CREATED             STATUS              PORTS                  NAMES
f64d5bd36489        nginx               "nginx -g 'daemon ..."   About an hour ago   Up About an hour    0.0.0.0:9091->80/tcp   competent_bohr
root@dockertest:/home/vagrant# docker container stop f64d5bd36489
f64d5bd36489
root@dockertest:/home/vagrant# docker container start f64d5bd36489
f64d5bd36489
root@dockertest:/home/vagrant# docker container exec f64d5bd36489 ping -c2 google.com
PING google.com (172.217.163.206) 56(84) bytes of data.
64 bytes from maa05s06-in-f14.1e100.net (172.217.163.206): icmp_seq=1 ttl=54 time=15.9 ms
64 bytes from maa05s06-in-f14.1e100.net (172.217.163.206): icmp_seq=2 ttl=54 time=14.6 ms

--- google.com ping statistics ---
2 packets transmitted, 2 received, 0% packet loss, time 3ms
rtt min/avg/max/mdev = 14.558/15.229/15.901/0.682 ms
root@dockertest:/home/vagrant# docker container exec -it f64d5bd36489 sh
# bash
root@f64d5bd36489:/# cd /usr/share/nginx/html/
50x.html    index.html
root@f64d5bd36489:/# cd /usr/share/nginx/html/
root@f64d5bd36489:/usr/share/nginx/html# cat index.html
<!DOCTYPE html>
<html>
<head>
<title>Welcome to nginx!</title>
<style>
    body {
        width: 35em;
        margin: 0 auto;
        font-family: Tahoma, Verdana, Arial, sans-serif;
    }
</style>
</head>
<body>
<h1>Welcome to nginx!</h1>
<p>If you see this page, the nginx web server is successfully installed and
working. Further configuration is required.</p>

<p>For online documentation and support please refer to
<a href="http://nginx.org/">nginx.org</a>.<br/>
Commercial support is available at
<a href="http://nginx.com/">nginx.com</a>.</p>

<p><em>Thank you for using nginx.</em></p>
</body>
</html>
root@f64d5bd36489:/usr/share/nginx/html# vi index.html
bash: vi: command not found
root@f64d5bd36489:/usr/share/nginx/html# cat > index.html
<h1>My Product Code</h1>
^C
root@f64d5bd36489:/usr/share/nginx/html# cat index.html
<h1>My Product Code</h1>
root@f64d5bd36489:/usr/share/nginx/html# exit
exit
# exit
root@dockertest:/home/vagrant# docker container ls
CONTAINER ID        IMAGE               COMMAND                  CREATED             STATUS              PORTS                  NAMES
f64d5bd36489        nginx               "nginx -g 'daemon ..."   About an hour ago   Up 5 minutes        0.0.0.0:9091->80/tcp   competent_bohr
root@dockertest:/home/vagrant# docker container commit f64d5bd36489 mywebsite
sha256:5780686b1b22bc253464eb1af13ae070b10ed1693bece216a981c57a17defe27
root@dockertest:/home/vagrant# docker image ls
REPOSITORY          TAG                 IMAGE ID            CREATED              SIZE
mywebsite           latest              5780686b1b22        About a minute ago   148 MB
nginx               latest              6678c7c2e56c        2 weeks ago          127 MB
root@dockertest:/home/vagrant# docker container rm -f f64d5bd36489
f64d5bd36489
root@dockertest:/home/vagrant# docker container run -d -p 9095:80 mywebsite
0e30f15c24a1291807065c7d828bee33cf70ca49dc86f91291b3d928af18f578
root@dockertest:/home/vagrant# docker container ls
CONTAINER ID        IMAGE               COMMAND                  CREATED             STATUS              PORTS                  NAMES
0e30f15c24a1        mywebsite           "nginx -g 'daemon ..."   24 seconds ago      Up 22 seconds       0.0.0.0:9095->80/tcp   peaceful_engelbart
root@dockertest:/home/vagrant# docker container exec 0e30f15c24a1 ps -ef
UID        PID  PPID  C STIME TTY          TIME CMD
root         1     0  0 06:03 ?        00:00:00 nginx: master process nginx -g daemon off;
nginx        6     1  0 06:03 ?        00:00:00 nginx: worker process
root         7     0  0 06:04 ?        00:00:00 ps -ef
root@dockertest:/home/vagrant# docker container exec 0e30f15c24a1 ping -c2 google.com
PING google.com (172.217.163.206) 56(84) bytes of data.
64 bytes from maa05s06-in-f14.1e100.net (172.217.163.206): icmp_seq=1 ttl=54 time=16.3 ms
64 bytes from maa05s06-in-f14.1e100.net (172.217.163.206): icmp_seq=2 ttl=54 time=15.6 ms

--- google.com ping statistics ---
2 packets transmitted, 2 received, 0% packet loss, time 3ms
rtt min/avg/max/mdev = 15.570/15.952/16.334/0.382 ms
root@dockertest:/home/vagrant# docker image ls
REPOSITORY          TAG                 IMAGE ID            CREATED             SIZE
mywebsite           latest              5780686b1b22        10 minutes ago      148 MB
nginx               latest              6678c7c2e56c        2 weeks ago         127 MB
root@dockertest:/home/vagrant# docker image pull nginx
Using default tag: latest
latest: Pulling from library/nginx
Digest: sha256:2539d4344dd18e1df02be842ffc435f8e1f699cfc55516e2cf2cb16b7a9aea0b
Status: Image is up to date for nginx:latest
root@dockertest:/home/vagrant# docker image push mywebsite
The push refers to a repository [docker.io/library/mywebsite]
53aa81f59e55: Preparing
55a77731ed26: Preparing
71f2244bc14d: Preparing
f2cb0ecef392: Preparing
denied: requested access to the resource is denied
root@dockertest:/home/vagrant# docker image push adityaprabhakara/mywebsite
The push refers to a repository [docker.io/adityaprabhakara/mywebsite]
An image does not exist locally with the tag: adityaprabhakara/mywebsite
root@dockertest:/home/vagrant# #docker container commit f64d5bd36489 adityaprabhakara/mywebsite
root@dockertest:/home/vagrant# docker image tag mywebsite adityaprabhakara/mywebsite
root@dockertest:/home/vagrant# docker image ls
REPOSITORY                   TAG                 IMAGE ID            CREATED             SIZE
adityaprabhakara/mywebsite   latest              5780686b1b22        16 minutes ago      148 MB
mywebsite                    latest              5780686b1b22        16 minutes ago      148 MB
nginx                        latest              6678c7c2e56c        2 weeks ago         127 MB
root@dockertest:/home/vagrant# docker image push adityaprabhakara/mywebsite
The push refers to a repository [docker.io/adityaprabhakara/mywebsite]
53aa81f59e55: Preparing
55a77731ed26: Preparing
71f2244bc14d: Preparing
f2cb0ecef392: Preparing
denied: requested access to the resource is denied
root@dockertest:/home/vagrant# docker login
Login with your Docker ID to push and pull images from Docker Hub. If you don't have a Docker ID, head over to https://hub.docker.com to create one.
Username: adityaprabhakara
Password:
Login Succeeded
root@dockertest:/home/vagrant# docker image push adityaprabhakara/mywebsite
The push refers to a repository [docker.io/adityaprabhakara/mywebsite]
53aa81f59e55: Pushed
55a77731ed26: Pushed
71f2244bc14d: Pushed
f2cb0ecef392: Pushed
latest: digest: sha256:dff3d204acefe411d30f03c5f7146ad1101cd105db1262afbb853fce72203d84 size: 1160
root@dockertest:/home/vagrant# docker image ls
REPOSITORY                   TAG                 IMAGE ID            CREATED             SIZE
adityaprabhakara/mywebsite   latest              5780686b1b22        20 minutes ago      148 MB
mywebsite                    latest              5780686b1b22        20 minutes ago      148 MB
nginx                        latest              6678c7c2e56c        2 weeks ago         127 MB
root@dockertest:/home/vagrant# docker image pull nginx
Using default tag: latest
latest: Pulling from library/nginx
Digest: sha256:2539d4344dd18e1df02be842ffc435f8e1f699cfc55516e2cf2cb16b7a9aea0b
Status: Image is up to date for nginx:latest
root@dockertest:/home/vagrant#




-------------------------------------------------------------------------------------------------------------------------



root@dockertest:/home/vagrant# docker image ls
REPOSITORY                   TAG                 IMAGE ID            CREATED             SIZE
adityaprabhakara/mywebsite   latest              5780686b1b22        53 minutes ago      148 MB
mywebsite                    latest              5780686b1b22        53 minutes ago      148 MB
nginx                        latest              6678c7c2e56c        2 weeks ago         127 MB
root@dockertest:/home/vagrant#
root@dockertest:/home/vagrant# docker image history nginx
IMAGE               CREATED             CREATED BY                                      SIZE                COMMENT
6678c7c2e56c        2 weeks ago         /bin/sh -c #(nop)  CMD ["nginx" "-g" "daem...   0 B
<missing>           2 weeks ago         /bin/sh -c #(nop)  STOPSIGNAL SIGTERM           0 B
<missing>           2 weeks ago         /bin/sh -c #(nop)  EXPOSE 80                    0 B
<missing>           2 weeks ago         /bin/sh -c ln -sf /dev/stdout /var/log/ngi...   22 B
<missing>           2 weeks ago         /bin/sh -c set -x     && addgroup --system...   57.6 MB
<missing>           2 weeks ago         /bin/sh -c #(nop)  ENV PKG_RELEASE=1~buster     0 B
<missing>           2 weeks ago         /bin/sh -c #(nop)  ENV NJS_VERSION=0.3.9        0 B
<missing>           2 weeks ago         /bin/sh -c #(nop)  ENV NGINX_VERSION=1.17.9     0 B
<missing>           3 weeks ago         /bin/sh -c #(nop)  LABEL maintainer=NGINX ...   0 B
<missing>           4 weeks ago         /bin/sh -c #(nop)  CMD ["bash"]                 0 B
<missing>           4 weeks ago         /bin/sh -c #(nop) ADD file:e5a364615e0f696...   69.2 MB
root@dockertest:/home/vagrant# docker image ls
REPOSITORY                   TAG                 IMAGE ID            CREATED             SIZE
adityaprabhakara/mywebsite   latest              5780686b1b22        55 minutes ago      148 MB
mywebsite                    latest              5780686b1b22        55 minutes ago      148 MB
nginx                        latest              6678c7c2e56c        2 weeks ago         127 MB
root@dockertest:/home/vagrant# docker image history mywebsite
IMAGE               CREATED             CREATED BY                                      SIZE                COMMENT
5780686b1b22        59 minutes ago      nginx -g daemon off;                            20.8 MB
6678c7c2e56c        2 weeks ago         /bin/sh -c #(nop)  CMD ["nginx" "-g" "daem...   0 B
<missing>           2 weeks ago         /bin/sh -c #(nop)  STOPSIGNAL SIGTERM           0 B
<missing>           2 weeks ago         /bin/sh -c #(nop)  EXPOSE 80                    0 B
<missing>           2 weeks ago         /bin/sh -c ln -sf /dev/stdout /var/log/ngi...   22 B
<missing>           2 weeks ago         /bin/sh -c set -x     && addgroup --system...   57.6 MB
<missing>           2 weeks ago         /bin/sh -c #(nop)  ENV PKG_RELEASE=1~buster     0 B
<missing>           2 weeks ago         /bin/sh -c #(nop)  ENV NJS_VERSION=0.3.9        0 B
<missing>           2 weeks ago         /bin/sh -c #(nop)  ENV NGINX_VERSION=1.17.9     0 B
<missing>           3 weeks ago         /bin/sh -c #(nop)  LABEL maintainer=NGINX ...   0 B
<missing>           4 weeks ago         /bin/sh -c #(nop)  CMD ["bash"]                 0 B
<missing>           4 weeks ago         /bin/sh -c #(nop) ADD file:e5a364615e0f696...   69.2 MB
root@dockertest:/home/vagrant#
root@dockertest:/home/vagrant#
root@dockertest:/home/vagrant# docker image rm adityaprabhakara/mywebsite
Untagged: adityaprabhakara/mywebsite:latest
Untagged: adityaprabhakara/mywebsite@sha256:dff3d204acefe411d30f03c5f7146ad1101cd105db1262afbb853fce72203d84
root@dockertest:/home/vagrant# docker container ls
CONTAINER ID        IMAGE               COMMAND                  CREATED             STATUS              PORTS                  NAMES
0e30f15c24a1        mywebsite           "nginx -g 'daemon ..."   About an hour ago   Up About an hour    0.0.0.0:9095->80/tcp   peaceful_engelbart
root@dockertest:/home/vagrant# docker container rm -f 0e30f15c24a1
0e30f15c24a1
root@dockertest:/home/vagrant# docker image ls
REPOSITORY          TAG                 IMAGE ID            CREATED             SIZE
mywebsite           latest              5780686b1b22        About an hour ago   148 MB
nginx               latest              6678c7c2e56c        2 weeks ago         127 MB
root@dockertest:/home/vagrant# docker image rm mywebsite
Untagged: mywebsite:latest
Deleted: sha256:5780686b1b22bc253464eb1af13ae070b10ed1693bece216a981c57a17defe27
Deleted: sha256:8d0206dedea3fc498bb49a07aa3921c668654ebc6fb7a44e6b2dbcc4aae991bb
root@dockertest:/home/vagrant# docker image ls
REPOSITORY          TAG                 IMAGE ID            CREATED             SIZE
nginx               latest              6678c7c2e56c        2 weeks ago         127 MB
root@dockertest:/home/vagrant# docker image rm nginx
Untagged: nginx:latest
Untagged: nginx@sha256:2539d4344dd18e1df02be842ffc435f8e1f699cfc55516e2cf2cb16b7a9aea0b
Deleted: sha256:6678c7c2e56c970388f8d5a398aa30f2ab60e85f20165e101053c3d3a11e6663
Deleted: sha256:3105dd416ca73edaeedb5c15a853bc5aed51045a250cb544b0e936c94932dfcf
Deleted: sha256:1541955a517830d061b79f2b52b1aed297d81c009ce7766a15527979b6e719c4
Deleted: sha256:f2cb0ecef392f2a630fa1205b874ab2e2aedf96de04d0b8838e4e728e28142da
root@dockertest:/home/vagrant# docker image pull adityaprabhakara/mywebsite
Using default tag: latest
latest: Pulling from adityaprabhakara/mywebsite
ca69dd8ac171: Pull complete
c6ee9c992ad2: Pull complete
e0ee25f595fa: Pull complete
0a676c8a0293: Pull complete
Digest: sha256:dff3d204acefe411d30f03c5f7146ad1101cd105db1262afbb853fce72203d84
Status: Downloaded newer image for adityaprabhakara/mywebsite:latest
root@dockertest:/home/vagrant# docker image pull nginx
Using default tag: latest
latest: Pulling from library/nginx
68ced04f60ab: Already exists
28252775b295: Already exists
a616aa3b0bf2: Already exists
Digest: sha256:2539d4344dd18e1df02be842ffc435f8e1f699cfc55516e2cf2cb16b7a9aea0b
Status: Downloaded newer image for nginx:latest
root@dockertest:/home/vagrant# docker image ls
REPOSITORY                   TAG                 IMAGE ID            CREATED             SIZE
adityaprabhakara/mywebsite   latest              5780686b1b22        About an hour ago   148 MB
nginx                        latest              6678c7c2e56c        2 weeks ago         127 MB
root@dockertest:/home/vagrant# docker container run -d -p 9095:80 adityaprabhakara/mywebsite
e705b588087896444b857349eef05050aee3773e04b5782816a26e0145b82e1a
root@dockertest:/home/vagrant# docker container exec e705b588 touch /tmp/f2.txt
root@dockertest:/home/vagrant# docker container commit e705b588 adityaprabhakara/mywebsite:2
sha256:32c1f81631f81fe5ca7e9d655ce16a9c105edd45159006ad5f58ccd8e7ba4a4f
root@dockertest:/home/vagrant# docker image ls
REPOSITORY                   TAG                 IMAGE ID            CREATED             SIZE
adityaprabhakara/mywebsite   2                   32c1f81631f8        6 seconds ago       148 MB
adityaprabhakara/mywebsite   latest              5780686b1b22        About an hour ago   148 MB
nginx                        latest              6678c7c2e56c        2 weeks ago         127 MB
root@dockertest:/home/vagrant# docker container run -d -p 9096:80 adityaprabhakara/mywebsite:2
1c91508fc7f30158cbf65d8b11885a15d7ed2b7ef64fc663549faae35c44185b
root@dockertest:/home/vagrant#




-----------------------------------------------------------------------------------------------------------------------------




root@dockertest:/home/vagrant# mkdir pinger
root@dockertest:/home/vagrant# cd pinger
root@dockertest:/home/vagrant/pinger# vi Dockerfile
root@dockertest:/home/vagrant/pinger# cat Dockerfile
FROM alpine
RUN apk update && apk add apache2
root@dockertest:/home/vagrant/pinger# docker image build -f Dockerfile -t al-ap:latest -t al-ap:1
"docker image build" requires exactly 1 argument(s).
See 'docker image build --help'.

Usage:  docker image build [OPTIONS] PATH | URL | -

Build an image from a Dockerfile
root@dockertest:/home/vagrant/pinger# docker image build -f Dockerfile -t al-ap:latest -t al-ap:1 .
Sending build context to Docker daemon 2.048 kB
Step 1/2 : FROM alpine
latest: Pulling from library/alpine
aad63a933944: Pull complete
Digest: sha256:b276d875eeed9c7d3f1cfa7edb06b22ed22b14219a7d67c52c56612330348239
Status: Downloaded newer image for alpine:latest
 ---> a187dde48cd2
Step 2/2 : RUN apk update && apk add apache2
 ---> Running in 0c1850cd4938
fetch http://dl-cdn.alpinelinux.org/alpine/v3.11/main/x86_64/APKINDEX.tar.gz
fetch http://dl-cdn.alpinelinux.org/alpine/v3.11/community/x86_64/APKINDEX.tar.gz
v3.11.5-3-g069a7f047d [http://dl-cdn.alpinelinux.org/alpine/v3.11/main]
v3.11.5-1-ge59ae1cbad [http://dl-cdn.alpinelinux.org/alpine/v3.11/community]
OK: 11265 distinct packages available
(1/6) Installing libuuid (2.34-r1)
(2/6) Installing apr (1.7.0-r0)
(3/6) Installing expat (2.2.9-r1)
(4/6) Installing apr-util (1.6.1-r6)
(5/6) Installing pcre (8.43-r0)
(6/6) Installing apache2 (2.4.41-r0)
Executing apache2-2.4.41-r0.pre-install
Executing busybox-1.31.1-r9.trigger
OK: 9 MiB in 20 packages
 ---> 069e52b49633
Removing intermediate container 0c1850cd4938
Successfully built 069e52b49633
root@dockertest:/home/vagrant/pinger# docker image ls
REPOSITORY                   TAG                 IMAGE ID            CREATED             SIZE
al-ap                        1                   069e52b49633        15 seconds ago      10.8 MB
al-ap                        latest              069e52b49633        15 seconds ago      10.8 MB
adityaprabhakara/mywebsite   2                   32c1f81631f8        44 minutes ago      148 MB
adityaprabhakara/mywebsite   latest              5780686b1b22        2 hours ago         148 MB
alpine                       latest              a187dde48cd2        34 hours ago        5.6 MB
nginx                        latest              6678c7c2e56c        2 weeks ago         127 MB
root@dockertest:/home/vagrant/pinger#
root@dockertest:/home/vagrant/pinger# docker image ls
REPOSITORY                   TAG                 IMAGE ID            CREATED             SIZE
al-ap                        1                   069e52b49633        2 minutes ago       10.8 MB
al-ap                        latest              069e52b49633        2 minutes ago       10.8 MB
adityaprabhakara/mywebsite   2                   32c1f81631f8        47 minutes ago      148 MB
adityaprabhakara/mywebsite   latest              5780686b1b22        2 hours ago         148 MB
alpine                       latest              a187dde48cd2        34 hours ago        5.6 MB
nginx                        latest              6678c7c2e56c        2 weeks ago         127 MB
root@dockertest:/home/vagrant/pinger# docker container run -d al-ap
d899e9eb710ac57ab31f59b890480f6da92a1e94960079552f4a412d6f68f61d
root@dockertest:/home/vagrant/pinger# docker container ls
CONTAINER ID        IMAGE                          COMMAND                  CREATED             STATUS              PORTS                  NAMES
1c91508fc7f3        adityaprabhakara/mywebsite:2   "nginx -g 'daemon ..."   47 minutes ago      Up 47 minutes       0.0.0.0:9096->80/tcp   frosty_kare
e705b5880878        adityaprabhakara/mywebsite     "nginx -g 'daemon ..."   48 minutes ago      Up 48 minutes       0.0.0.0:9095->80/tcp   objective_minsky
root@dockertest:/home/vagrant/pinger# docker container rm -f 1c91508fc7f3 e705b5880878
1c91508fc7f3
e705b5880878
root@dockertest:/home/vagrant/pinger# docker container ls
CONTAINER ID        IMAGE               COMMAND             CREATED             STATUS              PORTS               NAMES
root@dockertest:/home/vagrant/pinger# docker container ls -a
CONTAINER ID        IMAGE               COMMAND             CREATED             STATUS                      PORTS               NAMES
d899e9eb710a        al-ap               "/bin/sh"           36 seconds ago      Exited (0) 35 seconds ago                       lucid_cori
root@dockertest:/home/vagrant/pinger# vi Dockerfile
root@dockertest:/home/vagrant/pinger# cat Dockerfile
FROM alpine
RUN apk update && apk add apache2
CMD ping google.com
root@dockertest:/home/vagrant/pinger# docker image build -f Dockerfile -t al-ap:latest -t al-ap:2 .
Sending build context to Docker daemon 2.048 kB
Step 1/3 : FROM alpine
 ---> a187dde48cd2
Step 2/3 : RUN apk update && apk add apache2
 ---> Using cache
 ---> 069e52b49633
Step 3/3 : CMD ping google.com
 ---> Running in e93ebc831e9c
 ---> bc959fee2834
Removing intermediate container e93ebc831e9c
Successfully built bc959fee2834
root@dockertest:/home/vagrant/pinger# docker image history al-ap:2
IMAGE               CREATED             CREATED BY                                      SIZE                COMMENT
bc959fee2834        16 seconds ago      /bin/sh -c #(nop)  CMD ["/bin/sh" "-c" "pi...   0 B
069e52b49633        6 minutes ago       /bin/sh -c apk update && apk add apache2        5.22 MB
a187dde48cd2        34 hours ago        /bin/sh -c #(nop)  CMD ["/bin/sh"]              0 B
<missing>           34 hours ago        /bin/sh -c #(nop) ADD file:0c4555f363c2672...   5.6 MB
root@dockertest:/home/vagrant/pinger# docker container run -d al-ap:2
ca057a34864fb537982442c5f94438098b750e303f5e5573cab5eeff1be60e52
root@dockertest:/home/vagrant/pinger# docker container ls
CONTAINER ID        IMAGE               COMMAND                  CREATED             STATUS              PORTS               NAMES
ca057a34864f        al-ap:2             "/bin/sh -c 'ping ..."   6 seconds ago       Up 4 seconds                            youthful_hugle
root@dockertest:/home/vagrant/pinger# vi Dockerfile
root@dockertest:/home/vagrant/pinger# docker image build -f Dockerfile -t al-ap:latest -t al-ap:3 .
Sending build context to Docker daemon 2.048 kB
Step 1/3 : FROM alpine
 ---> a187dde48cd2
Step 2/3 : RUN apk update && apk add apache2
 ---> Using cache
 ---> 069e52b49633
Step 3/3 : CMD ping -c20 google.com
 ---> Running in c15685dd57b1
 ---> 41a9fc45fa5d
Removing intermediate container c15685dd57b1
Successfully built 41a9fc45fa5d
root@dockertest:/home/vagrant/pinger# docker container run -d al-ap:3
9aeb45ae69eec14076150979b9c7a061dc2e0230feab6c797c5c6f8acbeaa66a
root@dockertest:/home/vagrant/pinger# docker container ls
CONTAINER ID        IMAGE               COMMAND                  CREATED             STATUS              PORTS               NAMES
9aeb45ae69ee        al-ap:3             "/bin/sh -c 'ping ..."   4 seconds ago       Up 2 seconds                            nostalgic_meninsky
ca057a34864f        al-ap:2             "/bin/sh -c 'ping ..."   2 minutes ago       Up 2 minutes                            youthful_hugle
root@dockertest:/home/vagrant/pinger# docker container ls
CONTAINER ID        IMAGE               COMMAND                  CREATED             STATUS              PORTS               NAMES
ca057a34864f        al-ap:2             "/bin/sh -c 'ping ..."   2 minutes ago       Up 2 minutes                            youthful_hugle
root@dockertest:/home/vagrant/pinger# docker container ls -a
CONTAINER ID        IMAGE               COMMAND                  CREATED              STATUS                      PORTS               NAMES
9aeb45ae69ee        al-ap:3             "/bin/sh -c 'ping ..."   About a minute ago   Exited (0) 39 seconds ago                       nostalgic_meninsky
ca057a34864f        al-ap:2             "/bin/sh -c 'ping ..."   2 minutes ago        Up 2 minutes                                    youthful_hugle
d899e9eb710a        069e52b49633        "/bin/sh"                7 minutes ago        Exited (0) 6 minutes ago                        lucid_cori
root@dockertest:/home/vagrant/pinger# docker container logs nostalgic_meninsky
PING google.com (172.217.163.206): 56 data bytes
64 bytes from 172.217.163.206: seq=0 ttl=53 time=28.951 ms
64 bytes from 172.217.163.206: seq=1 ttl=53 time=42.356 ms
64 bytes from 172.217.163.206: seq=2 ttl=53 time=28.188 ms
64 bytes from 172.217.163.206: seq=3 ttl=53 time=29.689 ms
64 bytes from 172.217.163.206: seq=4 ttl=53 time=28.052 ms
64 bytes from 172.217.163.206: seq=5 ttl=53 time=30.358 ms
64 bytes from 172.217.163.206: seq=6 ttl=53 time=29.640 ms
64 bytes from 172.217.163.206: seq=7 ttl=53 time=31.133 ms
64 bytes from 172.217.163.206: seq=8 ttl=53 time=30.838 ms
64 bytes from 172.217.163.206: seq=9 ttl=53 time=29.772 ms
64 bytes from 172.217.163.206: seq=10 ttl=53 time=29.745 ms
64 bytes from 172.217.163.206: seq=11 ttl=53 time=38.359 ms
64 bytes from 172.217.163.206: seq=12 ttl=53 time=41.387 ms
64 bytes from 172.217.163.206: seq=13 ttl=53 time=26.215 ms
64 bytes from 172.217.163.206: seq=14 ttl=53 time=102.942 ms
64 bytes from 172.217.163.206: seq=15 ttl=53 time=25.720 ms
64 bytes from 172.217.163.206: seq=16 ttl=53 time=30.969 ms
64 bytes from 172.217.163.206: seq=17 ttl=53 time=26.842 ms
64 bytes from 172.217.163.206: seq=18 ttl=53 time=30.122 ms
64 bytes from 172.217.163.206: seq=19 ttl=53 time=26.787 ms

--- google.com ping statistics ---
20 packets transmitted, 20 packets received, 0% packet loss
round-trip min/avg/max = 25.720/34.403/102.942 ms
root@dockertest:/home/vagrant/pinger# docker container run al-ap:3
PING google.com (172.217.163.206): 56 data bytes
64 bytes from 172.217.163.206: seq=0 ttl=53 time=29.956 ms
64 bytes from 172.217.163.206: seq=1 ttl=53 time=38.770 ms
64 bytes from 172.217.163.206: seq=2 ttl=53 time=30.028 ms
64 bytes from 172.217.163.206: seq=3 ttl=53 time=72.473 ms
64 bytes from 172.217.163.206: seq=4 ttl=53 time=37.164 ms
64 bytes from 172.217.163.206: seq=5 ttl=53 time=77.774 ms
64 bytes from 172.217.163.206: seq=6 ttl=53 time=25.531 ms
64 bytes from 172.217.163.206: seq=7 ttl=53 time=25.380 ms
64 bytes from 172.217.163.206: seq=8 ttl=53 time=26.259 ms
64 bytes from 172.217.163.206: seq=9 ttl=53 time=25.256 ms
64 bytes from 172.217.163.206: seq=10 ttl=53 time=25.626 ms
64 bytes from 172.217.163.206: seq=11 ttl=53 time=34.708 ms
64 bytes from 172.217.163.206: seq=12 ttl=53 time=45.699 ms
64 bytes from 172.217.163.206: seq=13 ttl=53 time=24.703 ms
64 bytes from 172.217.163.206: seq=14 ttl=53 time=27.735 ms
64 bytes from 172.217.163.206: seq=15 ttl=53 time=26.723 ms
64 bytes from 172.217.163.206: seq=16 ttl=53 time=31.224 ms
64 bytes from 172.217.163.206: seq=17 ttl=53 time=36.120 ms
64 bytes from 172.217.163.206: seq=18 ttl=53 time=31.625 ms
64 bytes from 172.217.163.206: seq=19 ttl=53 time=35.716 ms

--- google.com ping statistics ---
20 packets transmitted, 20 packets received, 0% packet loss
round-trip min/avg/max = 24.703/35.423/77.774 ms
root@dockertest:/home/vagrant/pinger# vi Dockerfile
root@dockertest:/home/vagrant/pinger# cat Dockerfile
FROM alpine
RUN apk update && apk add apache2
CMD httpd -D FOREGROUND
root@dockertest:/home/vagrant/pinger# docker image build -f Dockerfile -t al-ap:latest -t al-ap:4 .
Sending build context to Docker daemon 2.048 kB
Step 1/3 : FROM alpine
 ---> a187dde48cd2
Step 2/3 : RUN apk update && apk add apache2
 ---> Using cache
 ---> 069e52b49633
Step 3/3 : CMD httpd -D FOREGROUND
 ---> Running in 51fb07b14b02
 ---> e746d709f855
Removing intermediate container 51fb07b14b02
Successfully built e746d709f855
root@dockertest:/home/vagrant/pinger# docker container run -d -p 9999:80 al-ap:4
b93c3dd28ea50b68280853f8ba191512681c6e9aa56e0c4be9e5be085ea81538
root@dockertest:/home/vagrant/pinger# docker image ls
REPOSITORY                   TAG                 IMAGE ID            CREATED             SIZE
al-ap                        4                   e746d709f855        2 minutes ago       10.8 MB
al-ap                        latest              e746d709f855        2 minutes ago       10.8 MB
al-ap                        3                   41a9fc45fa5d        6 minutes ago       10.8 MB
al-ap                        2                   bc959fee2834        9 minutes ago       10.8 MB
al-ap                        1                   069e52b49633        15 minutes ago      10.8 MB
adityaprabhakara/mywebsite   2                   32c1f81631f8        About an hour ago   148 MB
adityaprabhakara/mywebsite   latest              5780686b1b22        2 hours ago         148 MB
alpine                       latest              a187dde48cd2        34 hours ago        5.6 MB
nginx                        latest              6678c7c2e56c        2 weeks ago         127 MB
root@dockertest:/home/vagrant/pinger#




---------------------------------------------------------------------------------------------------------------


root@dockertest:/home/vagrant# mkdir pinger
root@dockertest:/home/vagrant# cd pinger
root@dockertest:/home/vagrant/pinger# vi Dockerfile
root@dockertest:/home/vagrant/pinger# cat Dockerfile
FROM alpine
RUN apk update && apk add apache2
root@dockertest:/home/vagrant/pinger# docker image build -f Dockerfile -t al-ap:latest -t al-ap:1
"docker image build" requires exactly 1 argument(s).
See 'docker image build --help'.

Usage:  docker image build [OPTIONS] PATH | URL | -

Build an image from a Dockerfile
root@dockertest:/home/vagrant/pinger# docker image build -f Dockerfile -t al-ap:latest -t al-ap:1 .
Sending build context to Docker daemon 2.048 kB
Step 1/2 : FROM alpine
latest: Pulling from library/alpine
aad63a933944: Pull complete
Digest: sha256:b276d875eeed9c7d3f1cfa7edb06b22ed22b14219a7d67c52c56612330348239
Status: Downloaded newer image for alpine:latest
 ---> a187dde48cd2
Step 2/2 : RUN apk update && apk add apache2
 ---> Running in 0c1850cd4938
fetch http://dl-cdn.alpinelinux.org/alpine/v3.11/main/x86_64/APKINDEX.tar.gz
fetch http://dl-cdn.alpinelinux.org/alpine/v3.11/community/x86_64/APKINDEX.tar.gz
v3.11.5-3-g069a7f047d [http://dl-cdn.alpinelinux.org/alpine/v3.11/main]
v3.11.5-1-ge59ae1cbad [http://dl-cdn.alpinelinux.org/alpine/v3.11/community]
OK: 11265 distinct packages available
(1/6) Installing libuuid (2.34-r1)
(2/6) Installing apr (1.7.0-r0)
(3/6) Installing expat (2.2.9-r1)
(4/6) Installing apr-util (1.6.1-r6)
(5/6) Installing pcre (8.43-r0)
(6/6) Installing apache2 (2.4.41-r0)
Executing apache2-2.4.41-r0.pre-install
Executing busybox-1.31.1-r9.trigger
OK: 9 MiB in 20 packages
 ---> 069e52b49633
Removing intermediate container 0c1850cd4938
Successfully built 069e52b49633
root@dockertest:/home/vagrant/pinger# docker image ls
REPOSITORY                   TAG                 IMAGE ID            CREATED             SIZE
al-ap                        1                   069e52b49633        15 seconds ago      10.8 MB
al-ap                        latest              069e52b49633        15 seconds ago      10.8 MB
adityaprabhakara/mywebsite   2                   32c1f81631f8        44 minutes ago      148 MB
adityaprabhakara/mywebsite   latest              5780686b1b22        2 hours ago         148 MB
alpine                       latest              a187dde48cd2        34 hours ago        5.6 MB
nginx                        latest              6678c7c2e56c        2 weeks ago         127 MB
root@dockertest:/home/vagrant/pinger#
root@dockertest:/home/vagrant/pinger# docker image ls
REPOSITORY                   TAG                 IMAGE ID            CREATED             SIZE
al-ap                        1                   069e52b49633        2 minutes ago       10.8 MB
al-ap                        latest              069e52b49633        2 minutes ago       10.8 MB
adityaprabhakara/mywebsite   2                   32c1f81631f8        47 minutes ago      148 MB
adityaprabhakara/mywebsite   latest              5780686b1b22        2 hours ago         148 MB
alpine                       latest              a187dde48cd2        34 hours ago        5.6 MB
nginx                        latest              6678c7c2e56c        2 weeks ago         127 MB
root@dockertest:/home/vagrant/pinger# docker container run -d al-ap
d899e9eb710ac57ab31f59b890480f6da92a1e94960079552f4a412d6f68f61d
root@dockertest:/home/vagrant/pinger# docker container ls
CONTAINER ID        IMAGE                          COMMAND                  CREATED             STATUS              PORTS                  NAMES
1c91508fc7f3        adityaprabhakara/mywebsite:2   "nginx -g 'daemon ..."   47 minutes ago      Up 47 minutes       0.0.0.0:9096->80/tcp   frosty_kare
e705b5880878        adityaprabhakara/mywebsite     "nginx -g 'daemon ..."   48 minutes ago      Up 48 minutes       0.0.0.0:9095->80/tcp   objective_minsky
root@dockertest:/home/vagrant/pinger# docker container rm -f 1c91508fc7f3 e705b5880878
1c91508fc7f3
e705b5880878
root@dockertest:/home/vagrant/pinger# docker container ls
CONTAINER ID        IMAGE               COMMAND             CREATED             STATUS              PORTS               NAMES
root@dockertest:/home/vagrant/pinger# docker container ls -a
CONTAINER ID        IMAGE               COMMAND             CREATED             STATUS                      PORTS               NAMES
d899e9eb710a        al-ap               "/bin/sh"           36 seconds ago      Exited (0) 35 seconds ago                       lucid_cori
root@dockertest:/home/vagrant/pinger# vi Dockerfile
root@dockertest:/home/vagrant/pinger# cat Dockerfile
FROM alpine
RUN apk update && apk add apache2
CMD ping google.com
root@dockertest:/home/vagrant/pinger# docker image build -f Dockerfile -t al-ap:latest -t al-ap:2 .
Sending build context to Docker daemon 2.048 kB
Step 1/3 : FROM alpine
 ---> a187dde48cd2
Step 2/3 : RUN apk update && apk add apache2
 ---> Using cache
 ---> 069e52b49633
Step 3/3 : CMD ping google.com
 ---> Running in e93ebc831e9c
 ---> bc959fee2834
Removing intermediate container e93ebc831e9c
Successfully built bc959fee2834
root@dockertest:/home/vagrant/pinger# docker image history al-ap:2
IMAGE               CREATED             CREATED BY                                      SIZE                COMMENT
bc959fee2834        16 seconds ago      /bin/sh -c #(nop)  CMD ["/bin/sh" "-c" "pi...   0 B
069e52b49633        6 minutes ago       /bin/sh -c apk update && apk add apache2        5.22 MB
a187dde48cd2        34 hours ago        /bin/sh -c #(nop)  CMD ["/bin/sh"]              0 B
<missing>           34 hours ago        /bin/sh -c #(nop) ADD file:0c4555f363c2672...   5.6 MB
root@dockertest:/home/vagrant/pinger# docker container run -d al-ap:2
ca057a34864fb537982442c5f94438098b750e303f5e5573cab5eeff1be60e52
root@dockertest:/home/vagrant/pinger# docker container ls
CONTAINER ID        IMAGE               COMMAND                  CREATED             STATUS              PORTS               NAMES
ca057a34864f        al-ap:2             "/bin/sh -c 'ping ..."   6 seconds ago       Up 4 seconds                            youthful_hugle
root@dockertest:/home/vagrant/pinger# vi Dockerfile
root@dockertest:/home/vagrant/pinger# docker image build -f Dockerfile -t al-ap:latest -t al-ap:3 .
Sending build context to Docker daemon 2.048 kB
Step 1/3 : FROM alpine
 ---> a187dde48cd2
Step 2/3 : RUN apk update && apk add apache2
 ---> Using cache
 ---> 069e52b49633
Step 3/3 : CMD ping -c20 google.com
 ---> Running in c15685dd57b1
 ---> 41a9fc45fa5d
Removing intermediate container c15685dd57b1
Successfully built 41a9fc45fa5d
root@dockertest:/home/vagrant/pinger# docker container run -d al-ap:3
9aeb45ae69eec14076150979b9c7a061dc2e0230feab6c797c5c6f8acbeaa66a
root@dockertest:/home/vagrant/pinger# docker container ls
CONTAINER ID        IMAGE               COMMAND                  CREATED             STATUS              PORTS               NAMES
9aeb45ae69ee        al-ap:3             "/bin/sh -c 'ping ..."   4 seconds ago       Up 2 seconds                            nostalgic_meninsky
ca057a34864f        al-ap:2             "/bin/sh -c 'ping ..."   2 minutes ago       Up 2 minutes                            youthful_hugle
root@dockertest:/home/vagrant/pinger# docker container ls
CONTAINER ID        IMAGE               COMMAND                  CREATED             STATUS              PORTS               NAMES
ca057a34864f        al-ap:2             "/bin/sh -c 'ping ..."   2 minutes ago       Up 2 minutes                            youthful_hugle
root@dockertest:/home/vagrant/pinger# docker container ls -a
CONTAINER ID        IMAGE               COMMAND                  CREATED              STATUS                      PORTS               NAMES
9aeb45ae69ee        al-ap:3             "/bin/sh -c 'ping ..."   About a minute ago   Exited (0) 39 seconds ago                       nostalgic_meninsky
ca057a34864f        al-ap:2             "/bin/sh -c 'ping ..."   2 minutes ago        Up 2 minutes                                    youthful_hugle
d899e9eb710a        069e52b49633        "/bin/sh"                7 minutes ago        Exited (0) 6 minutes ago                        lucid_cori
root@dockertest:/home/vagrant/pinger# docker container logs nostalgic_meninsky
PING google.com (172.217.163.206): 56 data bytes
64 bytes from 172.217.163.206: seq=0 ttl=53 time=28.951 ms
64 bytes from 172.217.163.206: seq=1 ttl=53 time=42.356 ms
64 bytes from 172.217.163.206: seq=2 ttl=53 time=28.188 ms
64 bytes from 172.217.163.206: seq=3 ttl=53 time=29.689 ms
64 bytes from 172.217.163.206: seq=4 ttl=53 time=28.052 ms
64 bytes from 172.217.163.206: seq=5 ttl=53 time=30.358 ms
64 bytes from 172.217.163.206: seq=6 ttl=53 time=29.640 ms
64 bytes from 172.217.163.206: seq=7 ttl=53 time=31.133 ms
64 bytes from 172.217.163.206: seq=8 ttl=53 time=30.838 ms
64 bytes from 172.217.163.206: seq=9 ttl=53 time=29.772 ms
64 bytes from 172.217.163.206: seq=10 ttl=53 time=29.745 ms
64 bytes from 172.217.163.206: seq=11 ttl=53 time=38.359 ms
64 bytes from 172.217.163.206: seq=12 ttl=53 time=41.387 ms
64 bytes from 172.217.163.206: seq=13 ttl=53 time=26.215 ms
64 bytes from 172.217.163.206: seq=14 ttl=53 time=102.942 ms
64 bytes from 172.217.163.206: seq=15 ttl=53 time=25.720 ms
64 bytes from 172.217.163.206: seq=16 ttl=53 time=30.969 ms
64 bytes from 172.217.163.206: seq=17 ttl=53 time=26.842 ms
64 bytes from 172.217.163.206: seq=18 ttl=53 time=30.122 ms
64 bytes from 172.217.163.206: seq=19 ttl=53 time=26.787 ms

--- google.com ping statistics ---
20 packets transmitted, 20 packets received, 0% packet loss
round-trip min/avg/max = 25.720/34.403/102.942 ms
root@dockertest:/home/vagrant/pinger# docker container run al-ap:3
PING google.com (172.217.163.206): 56 data bytes
64 bytes from 172.217.163.206: seq=0 ttl=53 time=29.956 ms
64 bytes from 172.217.163.206: seq=1 ttl=53 time=38.770 ms
64 bytes from 172.217.163.206: seq=2 ttl=53 time=30.028 ms
64 bytes from 172.217.163.206: seq=3 ttl=53 time=72.473 ms
64 bytes from 172.217.163.206: seq=4 ttl=53 time=37.164 ms
64 bytes from 172.217.163.206: seq=5 ttl=53 time=77.774 ms
64 bytes from 172.217.163.206: seq=6 ttl=53 time=25.531 ms
64 bytes from 172.217.163.206: seq=7 ttl=53 time=25.380 ms
64 bytes from 172.217.163.206: seq=8 ttl=53 time=26.259 ms
64 bytes from 172.217.163.206: seq=9 ttl=53 time=25.256 ms
64 bytes from 172.217.163.206: seq=10 ttl=53 time=25.626 ms
64 bytes from 172.217.163.206: seq=11 ttl=53 time=34.708 ms
64 bytes from 172.217.163.206: seq=12 ttl=53 time=45.699 ms
64 bytes from 172.217.163.206: seq=13 ttl=53 time=24.703 ms
64 bytes from 172.217.163.206: seq=14 ttl=53 time=27.735 ms
64 bytes from 172.217.163.206: seq=15 ttl=53 time=26.723 ms
64 bytes from 172.217.163.206: seq=16 ttl=53 time=31.224 ms
64 bytes from 172.217.163.206: seq=17 ttl=53 time=36.120 ms
64 bytes from 172.217.163.206: seq=18 ttl=53 time=31.625 ms
64 bytes from 172.217.163.206: seq=19 ttl=53 time=35.716 ms

--- google.com ping statistics ---
20 packets transmitted, 20 packets received, 0% packet loss
round-trip min/avg/max = 24.703/35.423/77.774 ms
root@dockertest:/home/vagrant/pinger# vi Dockerfile
root@dockertest:/home/vagrant/pinger# cat Dockerfile
FROM alpine
RUN apk update && apk add apache2
CMD httpd -D FOREGROUND
root@dockertest:/home/vagrant/pinger# docker image build -f Dockerfile -t al-ap:latest -t al-ap:4 .
Sending build context to Docker daemon 2.048 kB
Step 1/3 : FROM alpine
 ---> a187dde48cd2
Step 2/3 : RUN apk update && apk add apache2
 ---> Using cache
 ---> 069e52b49633
Step 3/3 : CMD httpd -D FOREGROUND
 ---> Running in 51fb07b14b02
 ---> e746d709f855
Removing intermediate container 51fb07b14b02
Successfully built e746d709f855
root@dockertest:/home/vagrant/pinger# docker container run -d -p 9999:80 al-ap:4
b93c3dd28ea50b68280853f8ba191512681c6e9aa56e0c4be9e5be085ea81538
root@dockertest:/home/vagrant/pinger# docker image ls
REPOSITORY                   TAG                 IMAGE ID            CREATED             SIZE
al-ap                        4                   e746d709f855        2 minutes ago       10.8 MB
al-ap                        latest              e746d709f855        2 minutes ago       10.8 MB
al-ap                        3                   41a9fc45fa5d        6 minutes ago       10.8 MB
al-ap                        2                   bc959fee2834        9 minutes ago       10.8 MB
al-ap                        1                   069e52b49633        15 minutes ago      10.8 MB
adityaprabhakara/mywebsite   2                   32c1f81631f8        About an hour ago   148 MB
adityaprabhakara/mywebsite   latest              5780686b1b22        2 hours ago         148 MB
alpine                       latest              a187dde48cd2        34 hours ago        5.6 MB
nginx                        latest              6678c7c2e56c        2 weeks ago         127 MB
root@dockertest:/home/vagrant/pinger#
root@dockertest:/home/vagrant/pinger#
root@dockertest:/home/vagrant/pinger#
root@dockertest:/home/vagrant/pinger# vi myscript.sh
root@dockertest:/home/vagrant/pinger# cat myscript.sh

echo `date`
root@dockertest:/home/vagrant/pinger# sh myscript.sh
Wed Mar 25 08:26:11 UTC 2020
root@dockertest:/home/vagrant/pinger# vi Dockerfile
root@dockertest:/home/vagrant/pinger# docker image build -f Dockerfile -t al-ap:latest -t al-ap:5 .
Sending build context to Docker daemon 3.072 kB
Step 1/4 : FROM alpine
 ---> a187dde48cd2
Step 2/4 : RUN apk update && apk add apache2
 ---> Using cache
 ---> 069e52b49633
Step 3/4 : COPY myscript.sh /bin/myscript.sh
 ---> 6aa55135bc3e
Removing intermediate container 7dd9d4c60f20
Step 4/4 : CMD sh /bin/myscript.sh
 ---> Running in 0e1f998388f6
 ---> 691ea13758fb
Removing intermediate container 0e1f998388f6
Successfully built 691ea13758fb
root@dockertest:/home/vagrant/pinger# docker container run al-ap:5
Wed Mar 25 08:27:30 UTC 2020
root@dockertest:/home/vagrant/pinger# vi Dockerfile
root@dockertest:/home/vagrant/pinger# docker container ls
CONTAINER ID        IMAGE               COMMAND                  CREATED             STATUS              PORTS                  NAMES
b93c3dd28ea5        al-ap:4             "/bin/sh -c 'httpd..."   16 minutes ago      Up 16 minutes       0.0.0.0:9999->80/tcp   distracted_goodall
ca057a34864f        al-ap:2             "/bin/sh -c 'ping ..."   23 minutes ago      Up 23 minutes                              youthful_hugle
root@dockertest:/home/vagrant/pinger# docker container exec b93c3dd28ea5 ls /var/www
localhost
logs
modules
run
root@dockertest:/home/vagrant/pinger# docker container exec b93c3dd28ea5 ls /var/www/localhost/htdocs
index.html
root@dockertest:/home/vagrant/pinger# vi index.html
root@dockertest:/home/vagrant/pinger# cat index.html
<h1 style='color:red'>My Page</h1>
root@dockertest:/home/vagrant/pinger# vi Do
root@dockertest:/home/vagrant/pinger# vi Dockerfile
root@dockertest:/home/vagrant/pinger# #docker image build -f Dockerfile -t al-ap:latest -t al-ap:6 .
root@dockertest:/home/vagrant/pinger# cat Dockerfile
FROM alpine
RUN apk update && apk add apache2
COPY index.html /var/www/localhost/htdocs
CMD httpd -D FOREGROUND
#COPY myscript.sh /bin/myscript.sh
#CMD sh /bin/myscript.sh
root@dockertest:/home/vagrant/pinger# ls
Dockerfile  index.html  myscript.sh
root@dockertest:/home/vagrant/pinger# #docker image build -f Dockerfile -t al-ap:latest -t al-ap:6 .
root@dockertest:/home/vagrant/pinger# vi Dockerfile
root@dockertest:/home/vagrant/pinger# cat Dockerfile
FROM alpine
RUN apk update && apk add apache2
COPY index1.html /var/www/localhost/htdocs
CMD httpd -D FOREGROUND
#COPY myscript.sh /bin/myscript.sh
#CMD sh /bin/myscript.sh
root@dockertest:/home/vagrant/pinger# docker image build -f Dockerfile -t al-ap:latest -t al-ap:6 .
Sending build context to Docker daemon 4.096 kB
Step 1/4 : FROM alpine
 ---> a187dde48cd2
Step 2/4 : RUN apk update && apk add apache2
 ---> Using cache
 ---> 069e52b49633
Step 3/4 : COPY index1.html /var/www/localhost/htdocs
lstat index1.html: no such file or directory
root@dockertest:/home/vagrant/pinger# ls
Dockerfile  index.html  myscript.sh
root@dockertest:/home/vagrant/pinger# vi Dockerfile
root@dockertest:/home/vagrant/pinger# cat Dockerfile
FROM alpine
RUN apk update && apk add apache2
COPY index.html /var/www/localhost/htdocs
CMD httpd -D FOREGROUND
#COPY myscript.sh /bin/myscript.sh
#CMD sh /bin/myscript.sh
root@dockertest:/home/vagrant/pinger# docker image build -f Dockerfile -t al-ap:latest -t al-ap:6 .
Sending build context to Docker daemon 4.096 kB
Step 1/4 : FROM alpine
 ---> a187dde48cd2
Step 2/4 : RUN apk update && apk add apache2
 ---> Using cache
 ---> 069e52b49633
Step 3/4 : COPY index.html /var/www/localhost/htdocs
 ---> a0f09bfd664d
Removing intermediate container 735614ea8d2c
Step 4/4 : CMD httpd -D FOREGROUND
 ---> Running in 7ef3a9f44ece
 ---> c59084eb5c31
Removing intermediate container 7ef3a9f44ece
Successfully built c59084eb5c31
root@dockertest:/home/vagrant/pinger# docker container run -d -p 9000:80 al-ap:6
ca05c9cf47a3b81810e6cdb08d8a035bb09f55e6f9827070788fcc09588a477e
root@dockertest:/home/vagrant/pinger# docker container ls
CONTAINER ID        IMAGE               COMMAND                  CREATED             STATUS              PORTS                  NAMES
ca05c9cf47a3        al-ap:6             "/bin/sh -c 'httpd..."   55 seconds ago      Up 54 seconds       0.0.0.0:9000->80/tcp   gifted_lumiere
b93c3dd28ea5        al-ap:4             "/bin/sh -c 'httpd..."   24 minutes ago      Up 24 minutes       0.0.0.0:9999->80/tcp   distracted_goodall
ca057a34864f        al-ap:2             "/bin/sh -c 'ping ..."   30 minutes ago      Up 30 minutes                              youthful_hugle
root@dockertest:/home/vagrant/pinger# docker container rm -f b93c3dd28ea5 ca057a34864f
b93c3dd28ea5
ca057a34864f
root@dockertest:/home/vagrant/pinger# docker container ls
CONTAINER ID        IMAGE               COMMAND                  CREATED              STATUS              PORTS                  NAMES
ca05c9cf47a3        al-ap:6             "/bin/sh -c 'httpd..."   About a minute ago   Up About a minute   0.0.0.0:9000->80/tcp   gifted_lumiere
root@dockertest:/home/vagrant/pinger# docker container exec ca05c9cf47a3 ps -ef
PID   USER     TIME  COMMAND
    1 root      0:00 httpd -D FOREGROUND
    6 apache    0:00 httpd -D FOREGROUND
    7 apache    0:00 httpd -D FOREGROUND
    8 apache    0:00 httpd -D FOREGROUND
    9 apache    0:00 httpd -D FOREGROUND
   10 apache    0:00 httpd -D FOREGROUND
   11 apache    0:00 httpd -D FOREGROUND
   12 apache    0:00 httpd -D FOREGROUND
   13 root      0:00 ps -ef
root@dockertest:/home/vagrant/pinger# ps -ef | grep httpd
root     19801 19783  0 08:38 ?        00:00:00 httpd -D FOREGROUND
systemd+ 19824 19801  0 08:38 ?        00:00:00 httpd -D FOREGROUND
systemd+ 19825 19801  0 08:38 ?        00:00:00 httpd -D FOREGROUND
systemd+ 19826 19801  0 08:38 ?        00:00:00 httpd -D FOREGROUND
systemd+ 19827 19801  0 08:38 ?        00:00:00 httpd -D FOREGROUND
systemd+ 19828 19801  0 08:38 ?        00:00:00 httpd -D FOREGROUND
systemd+ 19829 19801  0 08:38 ?        00:00:00 httpd -D FOREGROUND
systemd+ 19830 19801  0 08:39 ?        00:00:00 httpd -D FOREGROUND
root     19976 15393  0 08:41 pts/1    00:00:00 grep --color=auto httpd
root@dockertest:/home/vagrant/pinger# ps -ef | grep 19783
root     19783 14696  0 08:38 ?        00:00:00 docker-containerd-shim ca05c9cf47a3b81810e6cdb08d8a035bb09f55e6f9827070788fcc09588a477e /var/run/docker/libcontainerd/ca05c9cf47a3b81810e6cdb08d8a035bb09f55e6f9827070788fcc09588a477e docker-runc
root     19801 19783  0 08:38 ?        00:00:00 httpd -D FOREGROUND
root     19978 15393  0 08:44 pts/1    00:00:00 grep --color=auto 19783
root@dockertest:/home/vagrant/pinger# ps -ef | grep 14696
root     14696 14687  0 00:46 ?        00:00:20 docker-containerd -l unix:///var/run/docker/libcontainerd/docker-containerd.sock --metrics-interval=0 --start-timeout 2m --state-dir /var/run/docker/libcontainerd/containerd --shim docker-containerd-shim --runtime docker-runc
root     19783 14696  0 08:38 ?        00:00:00 docker-containerd-shim ca05c9cf47a3b81810e6cdb08d8a035bb09f55e6f9827070788fcc09588a477e /var/run/docker/libcontainerd/ca05c9cf47a3b81810e6cdb08d8a035bb09f55e6f9827070788fcc09588a477e docker-runc
root     19980 15393  0 08:44 pts/1    00:00:00 grep --color=auto 14696
root@dockertest:/home/vagrant/pinger# ps -ef | grep 14687
root     14687     1  0 00:46 ?        00:01:18 /usr/bin/dockerd -H fd://
root     14696 14687  0 00:46 ?        00:00:20 docker-containerd -l unix:///var/run/docker/libcontainerd/docker-containerd.sock --metrics-interval=0 --start-timeout 2m --state-dir /var/run/docker/libcontainerd/containerd --shim docker-containerd-shim --runtime docker-runc
root     19776 14687  0 08:38 ?        00:00:00 /usr/bin/docker-proxy -proto tcp -host-ip 0.0.0.0 -host-port 9000 -container-ip 172.17.0.4 -container-port 80
root     19982 15393  0 08:45 pts/1    00:00:00 grep --color=auto 14687
root@dockertest:/home/vagrant/pinger# docker container ls
CONTAINER ID        IMAGE               COMMAND                  CREATED             STATUS              PORTS                  NAMES
ca05c9cf47a3        al-ap:6             "/bin/sh -c 'httpd..."   8 minutes ago       Up 8 minutes        0.0.0.0:9000->80/tcp   gifted_lumiere
root@dockertest:/home/vagrant/pinger# kill -9 19801
root@dockertest:/home/vagrant/pinger# docker container ls
CONTAINER ID        IMAGE               COMMAND             CREATED             STATUS              PORTS               NAMES
root@dockertest:/home/vagrant/pinger#
